// Vitest Snapshot v1, https://vitest.dev/guide/snapshot.html

exports[`install > should work with install 1`] = `"<div>App</div>"`;
